// Jest Snapshot v1, https://goo.gl/fbAQLP

exports[`The ResourceForm component renders component renders default props and state 1`] = `
ShallowWrapper {
  "length": 1,
  Symbol(enzyme.__root__): [Circular],
  Symbol(enzyme.__unrendered__): <ResourceForm
    datasetTitle="Ga terug naar dataset"
    formData={Object {}}
    onEmptyResource={[MockFunction]}
    onSetResourceToDataset={[MockFunction]}
    schema={
      Object {
        "properties": Object {
          "ams:classification": Object {
            "enum": Array [
              "public",
            ],
            "enumNames": Array [
              "Publiek toegankelijk",
            ],
            "minLength": 1,
            "title": "Classification",
            "type": "string",
          },
          "ams:distributionType": Object {
            "enum": Array [
              "api",
              "file",
              "web",
            ],
            "enumNames": Array [
              "API/Service",
              "Bestand",
              "Website",
            ],
            "minLength": 1,
            "title": "Verschijningsvorm",
            "type": "string",
          },
          "ams:layerIdentifier": Object {
            "description": "De Citydata kaartlaag waarmee deze dataset op de kaart getoond kan worden",
            "minLength": 1,
            "pattern": "^[^\\\\n\\\\r]*?\\\\S[^\\\\n\\\\r]*$",
            "title": "Interne Kaartlaag ID",
            "type": "string",
          },
          "ams:resourceType": Object {
            "enum": Array [
              "data",
              "doc",
              "vis",
              "app",
            ],
            "enumNames": Array [
              "Data",
              "Documentatie",
              "Visualisatie",
              "Voorbeeldtoepassing",
            ],
            "minLength": 1,
            "title": "Type resource",
            "type": "string",
          },
          "ams:serviceType": Object {
            "description": "Geef het type API of webservice",
            "enum": Array [
              "atom",
              "rest",
              "csw",
              "wcs",
              "wfs",
              "wms",
              "wmts",
              "soap",
              "other",
            ],
            "enumNames": Array [
              "REST: Atom feed",
              "REST: overig",
              "CSW",
              "WCS",
              "WFS",
              "WMS",
              "WMTS",
              "SOAP",
              "Anders",
            ],
            "minLength": 1,
            "title": "Type API/Service",
            "type": "string",
          },
          "dcat:accessURL": Object {
            "description": "Toegangslink naar de daadwerkelijke gegevensset óf downloadlink om gegevensset te downloaden",
            "format": "uri",
            "minLength": 1,
            "title": "URL of upload",
            "type": "string",
          },
          "dcat:byteSize": Object {
            "description": "Bestandsgrootte in bytes",
            "minimum": 0,
            "title": "Bestandsgrootte",
            "type": "number",
          },
          "dcat:mediaType": Object {
            "enum": Array [
              "n/a",
              "text/csv",
              "application/vnd.openxmlformats-officedocument.wordprocessingml.document",
              "application/vnd.geo+json",
              "application/gml+xml",
              "text/html",
              "application/json",
              "application/pdf",
              "image/png",
              "application/zip; format=\\"shp\\"",
              "application/vnd.ms-excel",
              "application/vnd.openxmlformats-officedocument.spreadsheetml.sheet",
              "application/xml",
              "application/octet-stream",
            ],
            "enumNames": Array [
              "",
              "CSV",
              "DOCX",
              "GeoJSON",
              "GML",
              "HTML",
              "JSON",
              "PDF",
              "PNG",
              "SHP",
              "XLS",
              "XLSX",
              "XML",
              "Anders",
            ],
            "minLength": 1,
            "title": "Type bestand",
            "type": "string",
          },
          "dct:description": Object {
            "minLength": 1,
            "title": "Beschrijving",
            "type": "string",
          },
          "dct:modified": Object {
            "default": "2018-04-19",
            "description": "De datum waarop de inhoud van deze link voor het laatst is geactualiseerd.",
            "format": "date",
            "minLength": 1,
            "pattern": "^\\\\d\\\\d\\\\d\\\\d-[01]\\\\d-[0-3]\\\\d(?:T[012]\\\\d:[0-5]\\\\d:[0-5]\\\\d(?:\\\\.\\\\d+)?)?(?:Z|[01]\\\\d(?::[0-5]\\\\d)?)?$",
            "title": "Verversingsdatum",
            "type": "string",
          },
          "dct:title": Object {
            "minLength": 1,
            "pattern": "^[^\\\\n\\\\r]*?\\\\S[^\\\\n\\\\r]*$",
            "title": "Titel",
            "type": "string",
          },
          "foaf:isPrimaryTopicOf": Object {
            "properties": Object {
              "dct:issued": Object {
                "default": "2018-04-19",
                "description": "De datum waarop deze beschrijving van de gegevensset beschikbaar is gesteld",
                "format": "date",
                "minLength": 1,
                "pattern": "^\\\\d\\\\d\\\\d\\\\d-[01]\\\\d-[0-3]\\\\d(?:T[012]\\\\d:[0-5]\\\\d:[0-5]\\\\d(?:\\\\.\\\\d+)?)?(?:Z|[01]\\\\d(?::[0-5]\\\\d)?)?$",
                "title": "Publicatiedatum",
                "type": "string",
              },
              "dct:modified": Object {
                "default": "2018-04-19",
                "description": "De datum waarop deze beschrijving van de gegevensset voor het laatst is gewijzigd",
                "format": "date",
                "minLength": 1,
                "pattern": "^\\\\d\\\\d\\\\d\\\\d-[01]\\\\d-[0-3]\\\\d(?:T[012]\\\\d:[0-5]\\\\d:[0-5]\\\\d(?:\\\\.\\\\d+)?)?(?:Z|[01]\\\\d(?::[0-5]\\\\d)?)?$",
                "title": "Wijzigingsdatum",
                "type": "string",
              },
            },
            "required": Array [
              "dct:modified",
            ],
            "title": "",
            "type": "object",
            "x-order": Array [
              "dct:issued",
              "dct:modified",
            ],
          },
        },
        "required": Array [
          "dct:title",
          "dcat:accessURL",
          "ams:resourceType",
          "ams:distributionType",
          "foaf:isPrimaryTopicOf",
        ],
        "type": "object",
        "x-order": Array [
          "dct:title",
          "dct:description",
          "dcat:accessURL",
          "ams:resourceType",
          "ams:distributionType",
          "ams:serviceType",
          "dcat:mediaType",
          "ams:layerIdentifier",
          "dct:modified",
          "ams:classification",
          "dcat:byteSize",
          "foaf:isPrimaryTopicOf",
        ],
      }
    }
    setModal={[MockFunction]}
    uiResource={Object {}}
    uploadStatus="idle"
  />,
  Symbol(enzyme.__renderer__): Object {
    "batchedUpdates": [Function],
    "getNode": [Function],
    "render": [Function],
    "simulateEvent": [Function],
    "unmount": [Function],
  },
  Symbol(enzyme.__node__): Object {
    "instance": null,
    "key": undefined,
    "nodeType": "host",
    "props": Object {
      "children": Array [
        <button
          className="resource-form__back"
          onClick={[Function]}
        >
          Ga terug naar dataset
        </button>,
        <h1
          className="resource-title"
        >
          Resource 
          toevoegen
        </h1>,
        <Form
          ErrorList={[Function]}
          className="dcatd-form resource-form"
          fields={
            Object {
              "altInput": [Function],
              "asyncTypeahead": [Function],
              "collapsible": [Function],
              "compositeArray": [Function],
              "dropdown": [Function],
              "filesize": [Function],
              "rdp": [Function],
              "readonly": [Function],
              "resources": [Function],
              "rte": [Function],
              "table": [Function],
              "typeahead": [Function],
            }
          }
          formContext={
            Object {
              "setResourceSpecs": [Function],
              "setUploadStatus": [Function],
            }
          }
          formData={Object {}}
          id="id1542188127285"
          idPrefix="resource"
          liveValidate={false}
          noHtml5Validate={true}
          noValidate={false}
          onChange={[Function]}
          onError={[Function]}
          onSubmit={[Function]}
          safeRenderCompletion={false}
          schema={
            Object {
              "properties": Object {
                "ams:classification": Object {
                  "enum": Array [
                    "public",
                  ],
                  "enumNames": Array [
                    "Publiek toegankelijk",
                  ],
                  "minLength": 1,
                  "title": "Classification",
                  "type": "string",
                },
                "ams:distributionType": Object {
                  "enum": Array [
                    "api",
                    "file",
                    "web",
                  ],
                  "enumNames": Array [
                    "API/Service",
                    "Bestand",
                    "Website",
                  ],
                  "minLength": 1,
                  "title": "Verschijningsvorm",
                  "type": "string",
                },
                "ams:layerIdentifier": Object {
                  "description": "De Citydata kaartlaag waarmee deze dataset op de kaart getoond kan worden",
                  "minLength": 1,
                  "pattern": "^[^\\\\n\\\\r]*?\\\\S[^\\\\n\\\\r]*$",
                  "title": "Interne Kaartlaag ID",
                  "type": "string",
                },
                "ams:resourceType": Object {
                  "enum": Array [
                    "data",
                    "doc",
                    "vis",
                    "app",
                  ],
                  "enumNames": Array [
                    "Data",
                    "Documentatie",
                    "Visualisatie",
                    "Voorbeeldtoepassing",
                  ],
                  "minLength": 1,
                  "title": "Type resource",
                  "type": "string",
                },
                "ams:serviceType": Object {
                  "description": "Geef het type API of webservice",
                  "enum": Array [
                    "atom",
                    "rest",
                    "csw",
                    "wcs",
                    "wfs",
                    "wms",
                    "wmts",
                    "soap",
                    "other",
                  ],
                  "enumNames": Array [
                    "REST: Atom feed",
                    "REST: overig",
                    "CSW",
                    "WCS",
                    "WFS",
                    "WMS",
                    "WMTS",
                    "SOAP",
                    "Anders",
                  ],
                  "minLength": 1,
                  "title": "Type API/Service",
                  "type": "string",
                },
                "dcat:accessURL": Object {
                  "description": "Toegangslink naar de daadwerkelijke gegevensset óf downloadlink om gegevensset te downloaden",
                  "format": "uri",
                  "minLength": 1,
                  "title": "URL of upload",
                  "type": "string",
                },
                "dcat:byteSize": Object {
                  "description": "Bestandsgrootte in bytes",
                  "minimum": 0,
                  "title": "Bestandsgrootte",
                  "type": "number",
                },
                "dcat:mediaType": Object {
                  "enum": Array [
                    "n/a",
                    "text/csv",
                    "application/vnd.openxmlformats-officedocument.wordprocessingml.document",
                    "application/vnd.geo+json",
                    "application/gml+xml",
                    "text/html",
                    "application/json",
                    "application/pdf",
                    "image/png",
                    "application/zip; format=\\"shp\\"",
                    "application/vnd.ms-excel",
                    "application/vnd.openxmlformats-officedocument.spreadsheetml.sheet",
                    "application/xml",
                    "application/octet-stream",
                  ],
                  "enumNames": Array [
                    "",
                    "CSV",
                    "DOCX",
                    "GeoJSON",
                    "GML",
                    "HTML",
                    "JSON",
                    "PDF",
                    "PNG",
                    "SHP",
                    "XLS",
                    "XLSX",
                    "XML",
                    "Anders",
                  ],
                  "minLength": 1,
                  "title": "Type bestand",
                  "type": "string",
                },
                "dct:description": Object {
                  "minLength": 1,
                  "title": "Beschrijving",
                  "type": "string",
                },
                "dct:modified": Object {
                  "default": "2018-04-19",
                  "description": "De datum waarop de inhoud van deze link voor het laatst is geactualiseerd.",
                  "format": "date",
                  "minLength": 1,
                  "pattern": "^\\\\d\\\\d\\\\d\\\\d-[01]\\\\d-[0-3]\\\\d(?:T[012]\\\\d:[0-5]\\\\d:[0-5]\\\\d(?:\\\\.\\\\d+)?)?(?:Z|[01]\\\\d(?::[0-5]\\\\d)?)?$",
                  "title": "Verversingsdatum",
                  "type": "string",
                },
                "dct:title": Object {
                  "minLength": 1,
                  "pattern": "^[^\\\\n\\\\r]*?\\\\S[^\\\\n\\\\r]*$",
                  "title": "Titel",
                  "type": "string",
                },
                "foaf:isPrimaryTopicOf": Object {
                  "properties": Object {
                    "dct:issued": Object {
                      "default": "2018-04-19",
                      "description": "De datum waarop deze beschrijving van de gegevensset beschikbaar is gesteld",
                      "format": "date",
                      "minLength": 1,
                      "pattern": "^\\\\d\\\\d\\\\d\\\\d-[01]\\\\d-[0-3]\\\\d(?:T[012]\\\\d:[0-5]\\\\d:[0-5]\\\\d(?:\\\\.\\\\d+)?)?(?:Z|[01]\\\\d(?::[0-5]\\\\d)?)?$",
                      "title": "Publicatiedatum",
                      "type": "string",
                    },
                    "dct:modified": Object {
                      "default": "2018-04-19",
                      "description": "De datum waarop deze beschrijving van de gegevensset voor het laatst is gewijzigd",
                      "format": "date",
                      "minLength": 1,
                      "pattern": "^\\\\d\\\\d\\\\d\\\\d-[01]\\\\d-[0-3]\\\\d(?:T[012]\\\\d:[0-5]\\\\d:[0-5]\\\\d(?:\\\\.\\\\d+)?)?(?:Z|[01]\\\\d(?::[0-5]\\\\d)?)?$",
                      "title": "Wijzigingsdatum",
                      "type": "string",
                    },
                  },
                  "required": Array [
                    "dct:modified",
                  ],
                  "title": "",
                  "type": "object",
                  "x-order": Array [
                    "dct:issued",
                    "dct:modified",
                  ],
                },
              },
              "required": Array [
                "dct:title",
                "dcat:accessURL",
                "ams:resourceType",
                "ams:distributionType",
                "foaf:isPrimaryTopicOf",
              ],
              "type": "object",
              "x-order": Array [
                "dct:title",
                "dct:description",
                "dcat:accessURL",
                "ams:resourceType",
                "ams:distributionType",
                "ams:serviceType",
                "dcat:mediaType",
                "ams:layerIdentifier",
                "dct:modified",
                "ams:classification",
                "dcat:byteSize",
                "foaf:isPrimaryTopicOf",
              ],
            }
          }
          showErrorList={false}
          transformErrors={[Function]}
          uiSchema={Object {}}
          widgets={
            Object {
              "file": [Function],
              "markdown": [Function],
            }
          }
        >
          <div>
            <button
              className="dcatd-form-button dcatd-form-button-submit"
              type="submit"
            >
              OK en terug
            </button>
            <button
              className="dcatd-form-button dcatd-form-button-cancel"
              onClick={[Function]}
              type="button"
            >
              Annuleren
            </button>
            
            <div
              className="resource-form__disclaimer"
            >
              Let op: na het klikken op OK is de resource nog niet opgeslagen. Pas tijdens het opslaan van de dataset wordt ook de resource opgeslagen.
            </div>
          </div>
        </Form>,
      ],
    },
    "ref": null,
    "rendered": Array [
      Object {
        "instance": null,
        "key": undefined,
        "nodeType": "host",
        "props": Object {
          "children": "Ga terug naar dataset",
          "className": "resource-form__back",
          "onClick": [Function],
        },
        "ref": null,
        "rendered": "Ga terug naar dataset",
        "type": "button",
      },
      Object {
        "instance": null,
        "key": undefined,
        "nodeType": "host",
        "props": Object {
          "children": Array [
            "Resource ",
            "toevoegen",
          ],
          "className": "resource-title",
        },
        "ref": null,
        "rendered": Array [
          "Resource ",
          "toevoegen",
        ],
        "type": "h1",
      },
      Object {
        "instance": null,
        "key": "id1542188127285",
        "nodeType": "class",
        "props": Object {
          "ErrorList": [Function],
          "children": <div>
            <button
              className="dcatd-form-button dcatd-form-button-submit"
              type="submit"
            >
              OK en terug
            </button>
            <button
              className="dcatd-form-button dcatd-form-button-cancel"
              onClick={[Function]}
              type="button"
            >
              Annuleren
            </button>
            
            <div
              className="resource-form__disclaimer"
            >
              Let op: na het klikken op OK is de resource nog niet opgeslagen. Pas tijdens het opslaan van de dataset wordt ook de resource opgeslagen.
            </div>
          </div>,
          "className": "dcatd-form resource-form",
          "fields": Object {
            "altInput": [Function],
            "asyncTypeahead": [Function],
            "collapsible": [Function],
            "compositeArray": [Function],
            "dropdown": [Function],
            "filesize": [Function],
            "rdp": [Function],
            "readonly": [Function],
            "resources": [Function],
            "rte": [Function],
            "table": [Function],
            "typeahead": [Function],
          },
          "formContext": Object {
            "setResourceSpecs": [Function],
            "setUploadStatus": [Function],
          },
          "formData": Object {},
          "id": "id1542188127285",
          "idPrefix": "resource",
          "liveValidate": false,
          "noHtml5Validate": true,
          "noValidate": false,
          "onChange": [Function],
          "onError": [Function],
          "onSubmit": [Function],
          "safeRenderCompletion": false,
          "schema": Object {
            "properties": Object {
              "ams:classification": Object {
                "enum": Array [
                  "public",
                ],
                "enumNames": Array [
                  "Publiek toegankelijk",
                ],
                "minLength": 1,
                "title": "Classification",
                "type": "string",
              },
              "ams:distributionType": Object {
                "enum": Array [
                  "api",
                  "file",
                  "web",
                ],
                "enumNames": Array [
                  "API/Service",
                  "Bestand",
                  "Website",
                ],
                "minLength": 1,
                "title": "Verschijningsvorm",
                "type": "string",
              },
              "ams:layerIdentifier": Object {
                "description": "De Citydata kaartlaag waarmee deze dataset op de kaart getoond kan worden",
                "minLength": 1,
                "pattern": "^[^\\\\n\\\\r]*?\\\\S[^\\\\n\\\\r]*$",
                "title": "Interne Kaartlaag ID",
                "type": "string",
              },
              "ams:resourceType": Object {
                "enum": Array [
                  "data",
                  "doc",
                  "vis",
                  "app",
                ],
                "enumNames": Array [
                  "Data",
                  "Documentatie",
                  "Visualisatie",
                  "Voorbeeldtoepassing",
                ],
                "minLength": 1,
                "title": "Type resource",
                "type": "string",
              },
              "ams:serviceType": Object {
                "description": "Geef het type API of webservice",
                "enum": Array [
                  "atom",
                  "rest",
                  "csw",
                  "wcs",
                  "wfs",
                  "wms",
                  "wmts",
                  "soap",
                  "other",
                ],
                "enumNames": Array [
                  "REST: Atom feed",
                  "REST: overig",
                  "CSW",
                  "WCS",
                  "WFS",
                  "WMS",
                  "WMTS",
                  "SOAP",
                  "Anders",
                ],
                "minLength": 1,
                "title": "Type API/Service",
                "type": "string",
              },
              "dcat:accessURL": Object {
                "description": "Toegangslink naar de daadwerkelijke gegevensset óf downloadlink om gegevensset te downloaden",
                "format": "uri",
                "minLength": 1,
                "title": "URL of upload",
                "type": "string",
              },
              "dcat:byteSize": Object {
                "description": "Bestandsgrootte in bytes",
                "minimum": 0,
                "title": "Bestandsgrootte",
                "type": "number",
              },
              "dcat:mediaType": Object {
                "enum": Array [
                  "n/a",
                  "text/csv",
                  "application/vnd.openxmlformats-officedocument.wordprocessingml.document",
                  "application/vnd.geo+json",
                  "application/gml+xml",
                  "text/html",
                  "application/json",
                  "application/pdf",
                  "image/png",
                  "application/zip; format=\\"shp\\"",
                  "application/vnd.ms-excel",
                  "application/vnd.openxmlformats-officedocument.spreadsheetml.sheet",
                  "application/xml",
                  "application/octet-stream",
                ],
                "enumNames": Array [
                  "",
                  "CSV",
                  "DOCX",
                  "GeoJSON",
                  "GML",
                  "HTML",
                  "JSON",
                  "PDF",
                  "PNG",
                  "SHP",
                  "XLS",
                  "XLSX",
                  "XML",
                  "Anders",
                ],
                "minLength": 1,
                "title": "Type bestand",
                "type": "string",
              },
              "dct:description": Object {
                "minLength": 1,
                "title": "Beschrijving",
                "type": "string",
              },
              "dct:modified": Object {
                "default": "2018-04-19",
                "description": "De datum waarop de inhoud van deze link voor het laatst is geactualiseerd.",
                "format": "date",
                "minLength": 1,
                "pattern": "^\\\\d\\\\d\\\\d\\\\d-[01]\\\\d-[0-3]\\\\d(?:T[012]\\\\d:[0-5]\\\\d:[0-5]\\\\d(?:\\\\.\\\\d+)?)?(?:Z|[01]\\\\d(?::[0-5]\\\\d)?)?$",
                "title": "Verversingsdatum",
                "type": "string",
              },
              "dct:title": Object {
                "minLength": 1,
                "pattern": "^[^\\\\n\\\\r]*?\\\\S[^\\\\n\\\\r]*$",
                "title": "Titel",
                "type": "string",
              },
              "foaf:isPrimaryTopicOf": Object {
                "properties": Object {
                  "dct:issued": Object {
                    "default": "2018-04-19",
                    "description": "De datum waarop deze beschrijving van de gegevensset beschikbaar is gesteld",
                    "format": "date",
                    "minLength": 1,
                    "pattern": "^\\\\d\\\\d\\\\d\\\\d-[01]\\\\d-[0-3]\\\\d(?:T[012]\\\\d:[0-5]\\\\d:[0-5]\\\\d(?:\\\\.\\\\d+)?)?(?:Z|[01]\\\\d(?::[0-5]\\\\d)?)?$",
                    "title": "Publicatiedatum",
                    "type": "string",
                  },
                  "dct:modified": Object {
                    "default": "2018-04-19",
                    "description": "De datum waarop deze beschrijving van de gegevensset voor het laatst is gewijzigd",
                    "format": "date",
                    "minLength": 1,
                    "pattern": "^\\\\d\\\\d\\\\d\\\\d-[01]\\\\d-[0-3]\\\\d(?:T[012]\\\\d:[0-5]\\\\d:[0-5]\\\\d(?:\\\\.\\\\d+)?)?(?:Z|[01]\\\\d(?::[0-5]\\\\d)?)?$",
                    "title": "Wijzigingsdatum",
                    "type": "string",
                  },
                },
                "required": Array [
                  "dct:modified",
                ],
                "title": "",
                "type": "object",
                "x-order": Array [
                  "dct:issued",
                  "dct:modified",
                ],
              },
            },
            "required": Array [
              "dct:title",
              "dcat:accessURL",
              "ams:resourceType",
              "ams:distributionType",
              "foaf:isPrimaryTopicOf",
            ],
            "type": "object",
            "x-order": Array [
              "dct:title",
              "dct:description",
              "dcat:accessURL",
              "ams:resourceType",
              "ams:distributionType",
              "ams:serviceType",
              "dcat:mediaType",
              "ams:layerIdentifier",
              "dct:modified",
              "ams:classification",
              "dcat:byteSize",
              "foaf:isPrimaryTopicOf",
            ],
          },
          "showErrorList": false,
          "transformErrors": [Function],
          "uiSchema": Object {},
          "widgets": Object {
            "file": [Function],
            "markdown": [Function],
          },
        },
        "ref": null,
        "rendered": Object {
          "instance": null,
          "key": undefined,
          "nodeType": "host",
          "props": Object {
            "children": Array [
              <button
                className="dcatd-form-button dcatd-form-button-submit"
                type="submit"
              >
                OK en terug
              </button>,
              <button
                className="dcatd-form-button dcatd-form-button-cancel"
                onClick={[Function]}
                type="button"
              >
                Annuleren
              </button>,
              "",
              <div
                className="resource-form__disclaimer"
              >
                Let op: na het klikken op OK is de resource nog niet opgeslagen. Pas tijdens het opslaan van de dataset wordt ook de resource opgeslagen.
              </div>,
            ],
          },
          "ref": null,
          "rendered": Array [
            Object {
              "instance": null,
              "key": undefined,
              "nodeType": "host",
              "props": Object {
                "children": "OK en terug",
                "className": "dcatd-form-button dcatd-form-button-submit",
                "type": "submit",
              },
              "ref": null,
              "rendered": "OK en terug",
              "type": "button",
            },
            Object {
              "instance": null,
              "key": undefined,
              "nodeType": "host",
              "props": Object {
                "children": "Annuleren",
                "className": "dcatd-form-button dcatd-form-button-cancel",
                "onClick": [Function],
                "type": "button",
              },
              "ref": null,
              "rendered": "Annuleren",
              "type": "button",
            },
            "",
            Object {
              "instance": null,
              "key": undefined,
              "nodeType": "host",
              "props": Object {
                "children": "Let op: na het klikken op OK is de resource nog niet opgeslagen. Pas tijdens het opslaan van de dataset wordt ook de resource opgeslagen.",
                "className": "resource-form__disclaimer",
              },
              "ref": null,
              "rendered": "Let op: na het klikken op OK is de resource nog niet opgeslagen. Pas tijdens het opslaan van de dataset wordt ook de resource opgeslagen.",
              "type": "div",
            },
          ],
          "type": "div",
        },
        "type": [Function],
      },
    ],
    "type": "div",
  },
  Symbol(enzyme.__nodes__): Array [
    Object {
      "instance": null,
      "key": undefined,
      "nodeType": "host",
      "props": Object {
        "children": Array [
          <button
            className="resource-form__back"
            onClick={[Function]}
          >
            Ga terug naar dataset
          </button>,
          <h1
            className="resource-title"
          >
            Resource 
            toevoegen
          </h1>,
          <Form
            ErrorList={[Function]}
            className="dcatd-form resource-form"
            fields={
              Object {
                "altInput": [Function],
                "asyncTypeahead": [Function],
                "collapsible": [Function],
                "compositeArray": [Function],
                "dropdown": [Function],
                "filesize": [Function],
                "rdp": [Function],
                "readonly": [Function],
                "resources": [Function],
                "rte": [Function],
                "table": [Function],
                "typeahead": [Function],
              }
            }
            formContext={
              Object {
                "setResourceSpecs": [Function],
                "setUploadStatus": [Function],
              }
            }
            formData={Object {}}
            id="id1542188127285"
            idPrefix="resource"
            liveValidate={false}
            noHtml5Validate={true}
            noValidate={false}
            onChange={[Function]}
            onError={[Function]}
            onSubmit={[Function]}
            safeRenderCompletion={false}
            schema={
              Object {
                "properties": Object {
                  "ams:classification": Object {
                    "enum": Array [
                      "public",
                    ],
                    "enumNames": Array [
                      "Publiek toegankelijk",
                    ],
                    "minLength": 1,
                    "title": "Classification",
                    "type": "string",
                  },
                  "ams:distributionType": Object {
                    "enum": Array [
                      "api",
                      "file",
                      "web",
                    ],
                    "enumNames": Array [
                      "API/Service",
                      "Bestand",
                      "Website",
                    ],
                    "minLength": 1,
                    "title": "Verschijningsvorm",
                    "type": "string",
                  },
                  "ams:layerIdentifier": Object {
                    "description": "De Citydata kaartlaag waarmee deze dataset op de kaart getoond kan worden",
                    "minLength": 1,
                    "pattern": "^[^\\\\n\\\\r]*?\\\\S[^\\\\n\\\\r]*$",
                    "title": "Interne Kaartlaag ID",
                    "type": "string",
                  },
                  "ams:resourceType": Object {
                    "enum": Array [
                      "data",
                      "doc",
                      "vis",
                      "app",
                    ],
                    "enumNames": Array [
                      "Data",
                      "Documentatie",
                      "Visualisatie",
                      "Voorbeeldtoepassing",
                    ],
                    "minLength": 1,
                    "title": "Type resource",
                    "type": "string",
                  },
                  "ams:serviceType": Object {
                    "description": "Geef het type API of webservice",
                    "enum": Array [
                      "atom",
                      "rest",
                      "csw",
                      "wcs",
                      "wfs",
                      "wms",
                      "wmts",
                      "soap",
                      "other",
                    ],
                    "enumNames": Array [
                      "REST: Atom feed",
                      "REST: overig",
                      "CSW",
                      "WCS",
                      "WFS",
                      "WMS",
                      "WMTS",
                      "SOAP",
                      "Anders",
                    ],
                    "minLength": 1,
                    "title": "Type API/Service",
                    "type": "string",
                  },
                  "dcat:accessURL": Object {
                    "description": "Toegangslink naar de daadwerkelijke gegevensset óf downloadlink om gegevensset te downloaden",
                    "format": "uri",
                    "minLength": 1,
                    "title": "URL of upload",
                    "type": "string",
                  },
                  "dcat:byteSize": Object {
                    "description": "Bestandsgrootte in bytes",
                    "minimum": 0,
                    "title": "Bestandsgrootte",
                    "type": "number",
                  },
                  "dcat:mediaType": Object {
                    "enum": Array [
                      "n/a",
                      "text/csv",
                      "application/vnd.openxmlformats-officedocument.wordprocessingml.document",
                      "application/vnd.geo+json",
                      "application/gml+xml",
                      "text/html",
                      "application/json",
                      "application/pdf",
                      "image/png",
                      "application/zip; format=\\"shp\\"",
                      "application/vnd.ms-excel",
                      "application/vnd.openxmlformats-officedocument.spreadsheetml.sheet",
                      "application/xml",
                      "application/octet-stream",
                    ],
                    "enumNames": Array [
                      "",
                      "CSV",
                      "DOCX",
                      "GeoJSON",
                      "GML",
                      "HTML",
                      "JSON",
                      "PDF",
                      "PNG",
                      "SHP",
                      "XLS",
                      "XLSX",
                      "XML",
                      "Anders",
                    ],
                    "minLength": 1,
                    "title": "Type bestand",
                    "type": "string",
                  },
                  "dct:description": Object {
                    "minLength": 1,
                    "title": "Beschrijving",
                    "type": "string",
                  },
                  "dct:modified": Object {
                    "default": "2018-04-19",
                    "description": "De datum waarop de inhoud van deze link voor het laatst is geactualiseerd.",
                    "format": "date",
                    "minLength": 1,
                    "pattern": "^\\\\d\\\\d\\\\d\\\\d-[01]\\\\d-[0-3]\\\\d(?:T[012]\\\\d:[0-5]\\\\d:[0-5]\\\\d(?:\\\\.\\\\d+)?)?(?:Z|[01]\\\\d(?::[0-5]\\\\d)?)?$",
                    "title": "Verversingsdatum",
                    "type": "string",
                  },
                  "dct:title": Object {
                    "minLength": 1,
                    "pattern": "^[^\\\\n\\\\r]*?\\\\S[^\\\\n\\\\r]*$",
                    "title": "Titel",
                    "type": "string",
                  },
                  "foaf:isPrimaryTopicOf": Object {
                    "properties": Object {
                      "dct:issued": Object {
                        "default": "2018-04-19",
                        "description": "De datum waarop deze beschrijving van de gegevensset beschikbaar is gesteld",
                        "format": "date",
                        "minLength": 1,
                        "pattern": "^\\\\d\\\\d\\\\d\\\\d-[01]\\\\d-[0-3]\\\\d(?:T[012]\\\\d:[0-5]\\\\d:[0-5]\\\\d(?:\\\\.\\\\d+)?)?(?:Z|[01]\\\\d(?::[0-5]\\\\d)?)?$",
                        "title": "Publicatiedatum",
                        "type": "string",
                      },
                      "dct:modified": Object {
                        "default": "2018-04-19",
                        "description": "De datum waarop deze beschrijving van de gegevensset voor het laatst is gewijzigd",
                        "format": "date",
                        "minLength": 1,
                        "pattern": "^\\\\d\\\\d\\\\d\\\\d-[01]\\\\d-[0-3]\\\\d(?:T[012]\\\\d:[0-5]\\\\d:[0-5]\\\\d(?:\\\\.\\\\d+)?)?(?:Z|[01]\\\\d(?::[0-5]\\\\d)?)?$",
                        "title": "Wijzigingsdatum",
                        "type": "string",
                      },
                    },
                    "required": Array [
                      "dct:modified",
                    ],
                    "title": "",
                    "type": "object",
                    "x-order": Array [
                      "dct:issued",
                      "dct:modified",
                    ],
                  },
                },
                "required": Array [
                  "dct:title",
                  "dcat:accessURL",
                  "ams:resourceType",
                  "ams:distributionType",
                  "foaf:isPrimaryTopicOf",
                ],
                "type": "object",
                "x-order": Array [
                  "dct:title",
                  "dct:description",
                  "dcat:accessURL",
                  "ams:resourceType",
                  "ams:distributionType",
                  "ams:serviceType",
                  "dcat:mediaType",
                  "ams:layerIdentifier",
                  "dct:modified",
                  "ams:classification",
                  "dcat:byteSize",
                  "foaf:isPrimaryTopicOf",
                ],
              }
            }
            showErrorList={false}
            transformErrors={[Function]}
            uiSchema={Object {}}
            widgets={
              Object {
                "file": [Function],
                "markdown": [Function],
              }
            }
          >
            <div>
              <button
                className="dcatd-form-button dcatd-form-button-submit"
                type="submit"
              >
                OK en terug
              </button>
              <button
                className="dcatd-form-button dcatd-form-button-cancel"
                onClick={[Function]}
                type="button"
              >
                Annuleren
              </button>
              
              <div
                className="resource-form__disclaimer"
              >
                Let op: na het klikken op OK is de resource nog niet opgeslagen. Pas tijdens het opslaan van de dataset wordt ook de resource opgeslagen.
              </div>
            </div>
          </Form>,
        ],
      },
      "ref": null,
      "rendered": Array [
        Object {
          "instance": null,
          "key": undefined,
          "nodeType": "host",
          "props": Object {
            "children": "Ga terug naar dataset",
            "className": "resource-form__back",
            "onClick": [Function],
          },
          "ref": null,
          "rendered": "Ga terug naar dataset",
          "type": "button",
        },
        Object {
          "instance": null,
          "key": undefined,
          "nodeType": "host",
          "props": Object {
            "children": Array [
              "Resource ",
              "toevoegen",
            ],
            "className": "resource-title",
          },
          "ref": null,
          "rendered": Array [
            "Resource ",
            "toevoegen",
          ],
          "type": "h1",
        },
        Object {
          "instance": null,
          "key": "id1542188127285",
          "nodeType": "class",
          "props": Object {
            "ErrorList": [Function],
            "children": <div>
              <button
                className="dcatd-form-button dcatd-form-button-submit"
                type="submit"
              >
                OK en terug
              </button>
              <button
                className="dcatd-form-button dcatd-form-button-cancel"
                onClick={[Function]}
                type="button"
              >
                Annuleren
              </button>
              
              <div
                className="resource-form__disclaimer"
              >
                Let op: na het klikken op OK is de resource nog niet opgeslagen. Pas tijdens het opslaan van de dataset wordt ook de resource opgeslagen.
              </div>
            </div>,
            "className": "dcatd-form resource-form",
            "fields": Object {
              "altInput": [Function],
              "asyncTypeahead": [Function],
              "collapsible": [Function],
              "compositeArray": [Function],
              "dropdown": [Function],
              "filesize": [Function],
              "rdp": [Function],
              "readonly": [Function],
              "resources": [Function],
              "rte": [Function],
              "table": [Function],
              "typeahead": [Function],
            },
            "formContext": Object {
              "setResourceSpecs": [Function],
              "setUploadStatus": [Function],
            },
            "formData": Object {},
            "id": "id1542188127285",
            "idPrefix": "resource",
            "liveValidate": false,
            "noHtml5Validate": true,
            "noValidate": false,
            "onChange": [Function],
            "onError": [Function],
            "onSubmit": [Function],
            "safeRenderCompletion": false,
            "schema": Object {
              "properties": Object {
                "ams:classification": Object {
                  "enum": Array [
                    "public",
                  ],
                  "enumNames": Array [
                    "Publiek toegankelijk",
                  ],
                  "minLength": 1,
                  "title": "Classification",
                  "type": "string",
                },
                "ams:distributionType": Object {
                  "enum": Array [
                    "api",
                    "file",
                    "web",
                  ],
                  "enumNames": Array [
                    "API/Service",
                    "Bestand",
                    "Website",
                  ],
                  "minLength": 1,
                  "title": "Verschijningsvorm",
                  "type": "string",
                },
                "ams:layerIdentifier": Object {
                  "description": "De Citydata kaartlaag waarmee deze dataset op de kaart getoond kan worden",
                  "minLength": 1,
                  "pattern": "^[^\\\\n\\\\r]*?\\\\S[^\\\\n\\\\r]*$",
                  "title": "Interne Kaartlaag ID",
                  "type": "string",
                },
                "ams:resourceType": Object {
                  "enum": Array [
                    "data",
                    "doc",
                    "vis",
                    "app",
                  ],
                  "enumNames": Array [
                    "Data",
                    "Documentatie",
                    "Visualisatie",
                    "Voorbeeldtoepassing",
                  ],
                  "minLength": 1,
                  "title": "Type resource",
                  "type": "string",
                },
                "ams:serviceType": Object {
                  "description": "Geef het type API of webservice",
                  "enum": Array [
                    "atom",
                    "rest",
                    "csw",
                    "wcs",
                    "wfs",
                    "wms",
                    "wmts",
                    "soap",
                    "other",
                  ],
                  "enumNames": Array [
                    "REST: Atom feed",
                    "REST: overig",
                    "CSW",
                    "WCS",
                    "WFS",
                    "WMS",
                    "WMTS",
                    "SOAP",
                    "Anders",
                  ],
                  "minLength": 1,
                  "title": "Type API/Service",
                  "type": "string",
                },
                "dcat:accessURL": Object {
                  "description": "Toegangslink naar de daadwerkelijke gegevensset óf downloadlink om gegevensset te downloaden",
                  "format": "uri",
                  "minLength": 1,
                  "title": "URL of upload",
                  "type": "string",
                },
                "dcat:byteSize": Object {
                  "description": "Bestandsgrootte in bytes",
                  "minimum": 0,
                  "title": "Bestandsgrootte",
                  "type": "number",
                },
                "dcat:mediaType": Object {
                  "enum": Array [
                    "n/a",
                    "text/csv",
                    "application/vnd.openxmlformats-officedocument.wordprocessingml.document",
                    "application/vnd.geo+json",
                    "application/gml+xml",
                    "text/html",
                    "application/json",
                    "application/pdf",
                    "image/png",
                    "application/zip; format=\\"shp\\"",
                    "application/vnd.ms-excel",
                    "application/vnd.openxmlformats-officedocument.spreadsheetml.sheet",
                    "application/xml",
                    "application/octet-stream",
                  ],
                  "enumNames": Array [
                    "",
                    "CSV",
                    "DOCX",
                    "GeoJSON",
                    "GML",
                    "HTML",
                    "JSON",
                    "PDF",
                    "PNG",
                    "SHP",
                    "XLS",
                    "XLSX",
                    "XML",
                    "Anders",
                  ],
                  "minLength": 1,
                  "title": "Type bestand",
                  "type": "string",
                },
                "dct:description": Object {
                  "minLength": 1,
                  "title": "Beschrijving",
                  "type": "string",
                },
                "dct:modified": Object {
                  "default": "2018-04-19",
                  "description": "De datum waarop de inhoud van deze link voor het laatst is geactualiseerd.",
                  "format": "date",
                  "minLength": 1,
                  "pattern": "^\\\\d\\\\d\\\\d\\\\d-[01]\\\\d-[0-3]\\\\d(?:T[012]\\\\d:[0-5]\\\\d:[0-5]\\\\d(?:\\\\.\\\\d+)?)?(?:Z|[01]\\\\d(?::[0-5]\\\\d)?)?$",
                  "title": "Verversingsdatum",
                  "type": "string",
                },
                "dct:title": Object {
                  "minLength": 1,
                  "pattern": "^[^\\\\n\\\\r]*?\\\\S[^\\\\n\\\\r]*$",
                  "title": "Titel",
                  "type": "string",
                },
                "foaf:isPrimaryTopicOf": Object {
                  "properties": Object {
                    "dct:issued": Object {
                      "default": "2018-04-19",
                      "description": "De datum waarop deze beschrijving van de gegevensset beschikbaar is gesteld",
                      "format": "date",
                      "minLength": 1,
                      "pattern": "^\\\\d\\\\d\\\\d\\\\d-[01]\\\\d-[0-3]\\\\d(?:T[012]\\\\d:[0-5]\\\\d:[0-5]\\\\d(?:\\\\.\\\\d+)?)?(?:Z|[01]\\\\d(?::[0-5]\\\\d)?)?$",
                      "title": "Publicatiedatum",
                      "type": "string",
                    },
                    "dct:modified": Object {
                      "default": "2018-04-19",
                      "description": "De datum waarop deze beschrijving van de gegevensset voor het laatst is gewijzigd",
                      "format": "date",
                      "minLength": 1,
                      "pattern": "^\\\\d\\\\d\\\\d\\\\d-[01]\\\\d-[0-3]\\\\d(?:T[012]\\\\d:[0-5]\\\\d:[0-5]\\\\d(?:\\\\.\\\\d+)?)?(?:Z|[01]\\\\d(?::[0-5]\\\\d)?)?$",
                      "title": "Wijzigingsdatum",
                      "type": "string",
                    },
                  },
                  "required": Array [
                    "dct:modified",
                  ],
                  "title": "",
                  "type": "object",
                  "x-order": Array [
                    "dct:issued",
                    "dct:modified",
                  ],
                },
              },
              "required": Array [
                "dct:title",
                "dcat:accessURL",
                "ams:resourceType",
                "ams:distributionType",
                "foaf:isPrimaryTopicOf",
              ],
              "type": "object",
              "x-order": Array [
                "dct:title",
                "dct:description",
                "dcat:accessURL",
                "ams:resourceType",
                "ams:distributionType",
                "ams:serviceType",
                "dcat:mediaType",
                "ams:layerIdentifier",
                "dct:modified",
                "ams:classification",
                "dcat:byteSize",
                "foaf:isPrimaryTopicOf",
              ],
            },
            "showErrorList": false,
            "transformErrors": [Function],
            "uiSchema": Object {},
            "widgets": Object {
              "file": [Function],
              "markdown": [Function],
            },
          },
          "ref": null,
          "rendered": Object {
            "instance": null,
            "key": undefined,
            "nodeType": "host",
            "props": Object {
              "children": Array [
                <button
                  className="dcatd-form-button dcatd-form-button-submit"
                  type="submit"
                >
                  OK en terug
                </button>,
                <button
                  className="dcatd-form-button dcatd-form-button-cancel"
                  onClick={[Function]}
                  type="button"
                >
                  Annuleren
                </button>,
                "",
                <div
                  className="resource-form__disclaimer"
                >
                  Let op: na het klikken op OK is de resource nog niet opgeslagen. Pas tijdens het opslaan van de dataset wordt ook de resource opgeslagen.
                </div>,
              ],
            },
            "ref": null,
            "rendered": Array [
              Object {
                "instance": null,
                "key": undefined,
                "nodeType": "host",
                "props": Object {
                  "children": "OK en terug",
                  "className": "dcatd-form-button dcatd-form-button-submit",
                  "type": "submit",
                },
                "ref": null,
                "rendered": "OK en terug",
                "type": "button",
              },
              Object {
                "instance": null,
                "key": undefined,
                "nodeType": "host",
                "props": Object {
                  "children": "Annuleren",
                  "className": "dcatd-form-button dcatd-form-button-cancel",
                  "onClick": [Function],
                  "type": "button",
                },
                "ref": null,
                "rendered": "Annuleren",
                "type": "button",
              },
              "",
              Object {
                "instance": null,
                "key": undefined,
                "nodeType": "host",
                "props": Object {
                  "children": "Let op: na het klikken op OK is de resource nog niet opgeslagen. Pas tijdens het opslaan van de dataset wordt ook de resource opgeslagen.",
                  "className": "resource-form__disclaimer",
                },
                "ref": null,
                "rendered": "Let op: na het klikken op OK is de resource nog niet opgeslagen. Pas tijdens het opslaan van de dataset wordt ook de resource opgeslagen.",
                "type": "div",
              },
            ],
            "type": "div",
          },
          "type": [Function],
        },
      ],
      "type": "div",
    },
  ],
  Symbol(enzyme.__options__): Object {
    "adapter": ReactSixteenAdapter {
      "options": Object {
        "enableComponentDidUpdateOnSetState": true,
      },
    },
  },
}
`;
